0 verbose cli /data/data/com.termux/files/usr/bin/node /data/data/com.termux/files/usr/bin/npm
1 info using npm@11.15.0
2 info using node@v26.2.0
3 silly config load:file:/data/data/com.termux/files/usr/lib/node_modules/npm/npmrc
4 silly config load:file:/data/data/com.termux/files/home/.npmrc
5 silly config load:file:/data/data/com.termux/files/usr/etc/npmrc
6 verbose title npm install @capacitor/cli
7 verbose argv "install" "--global" "@capacitor/cli"
8 verbose logfile logs-max:10 dir:/data/data/com.termux/files/home/.npm/_logs/2026-05-24T17_11_45_640Z-
9 verbose logfile /data/data/com.termux/files/home/.npm/_logs/2026-05-24T17_11_45_640Z-debug-0.log
10 silly packumentCache heap:1174405120 maxSize:293601280 maxEntrySize:146800640
11 silly logfile done cleaning log files
12 silly idealTree buildDeps
13 silly fetch manifest @capacitor/cli@*
14 silly packumentCache full:https://registry.npmjs.org/@capacitor%2fcli cache-miss
15 http fetch GET 200 https://registry.npmjs.org/npm 1074ms
16 http fetch GET 200 https://registry.npmjs.org/@capacitor%2fcli 1798ms (cache miss)
17 silly packumentCache full:https://registry.npmjs.org/@capacitor%2fcli set size:undefined disposed:false
18 silly placeDep ROOT @capacitor/cli@8.3.4 OK for:  want: *
19 silly fetch manifest tar@^7.5.3
20 silly packumentCache full:https://registry.npmjs.org/tar cache-miss
21 silly fetch manifest open@^8.4.0
22 silly packumentCache full:https://registry.npmjs.org/open cache-miss
23 silly fetch manifest debug@^4.4.0
24 silly packumentCache full:https://registry.npmjs.org/debug cache-miss
25 silly fetch manifest kleur@^4.1.5
26 silly packumentCache full:https://registry.npmjs.org/kleur cache-miss
27 silly fetch manifest plist@^3.1.0
28 silly packumentCache full:https://registry.npmjs.org/plist cache-miss
29 silly fetch manifest tslib@^2.8.1
30 silly packumentCache full:https://registry.npmjs.org/tslib cache-miss
31 silly fetch manifest rimraf@^6.0.1
32 silly packumentCache full:https://registry.npmjs.org/rimraf cache-miss
33 http fetch GET 200 https://registry.npmjs.org/open 461ms (cache miss)
34 silly packumentCache full:https://registry.npmjs.org/open set size:undefined disposed:false
35 silly fetch manifest semver@^7.6.3
36 silly packumentCache full:https://registry.npmjs.org/semver cache-miss
37 http fetch GET 200 https://registry.npmjs.org/tar 931ms (cache miss)
38 silly packumentCache full:https://registry.npmjs.org/tar set size:undefined disposed:false
39 silly fetch manifest xml2js@^0.6.2
40 silly packumentCache full:https://registry.npmjs.org/xml2js cache-miss
41 http fetch GET 200 https://registry.npmjs.org/plist 995ms (cache miss)
42 silly packumentCache full:https://registry.npmjs.org/plist set size:undefined disposed:false
43 silly fetch manifest prompts@^2.4.2
44 silly packumentCache full:https://registry.npmjs.org/prompts cache-miss
45 http fetch GET 200 https://registry.npmjs.org/kleur 1044ms (cache miss)
46 silly packumentCache full:https://registry.npmjs.org/kleur set size:undefined disposed:false
47 silly fetch manifest fs-extra@^11.2.0
48 silly packumentCache full:https://registry.npmjs.org/fs-extra cache-miss
49 http fetch GET 200 https://registry.npmjs.org/semver 571ms (cache miss)
50 silly packumentCache full:https://registry.npmjs.org/semver set size:undefined disposed:false
51 silly fetch manifest commander@^12.1.0
52 silly packumentCache full:https://registry.npmjs.org/commander cache-miss
53 http fetch GET 200 https://registry.npmjs.org/tslib 1176ms (cache miss)
54 silly packumentCache full:https://registry.npmjs.org/tslib set size:undefined disposed:false
55 silly fetch manifest env-paths@^2.2.0
56 silly packumentCache full:https://registry.npmjs.org/env-paths cache-miss
57 http fetch GET 200 https://registry.npmjs.org/rimraf 1318ms (cache miss)
58 silly packumentCache full:https://registry.npmjs.org/rimraf set size:undefined disposed:false
59 silly fetch manifest native-run@^2.0.3
60 silly packumentCache full:https://registry.npmjs.org/native-run cache-miss
61 http fetch GET 200 https://registry.npmjs.org/debug 1392ms (cache miss)
62 silly packumentCache full:https://registry.npmjs.org/debug set size:undefined disposed:false
63 silly fetch manifest @ionic/utils-terminal@^2.3.5
64 silly packumentCache full:https://registry.npmjs.org/@ionic%2futils-terminal cache-miss
65 http fetch GET 200 https://registry.npmjs.org/xml2js 545ms (cache miss)
66 silly packumentCache full:https://registry.npmjs.org/xml2js set size:undefined disposed:false
67 silly fetch manifest @ionic/utils-subprocess@^3.0.1
68 silly packumentCache full:https://registry.npmjs.org/@ionic%2futils-subprocess cache-miss
69 http fetch GET 200 https://registry.npmjs.org/env-paths 367ms (cache miss)
70 silly packumentCache full:https://registry.npmjs.org/env-paths set size:undefined disposed:false
71 silly fetch manifest @ionic/cli-framework-output@^2.2.8
72 silly packumentCache full:https://registry.npmjs.org/@ionic%2fcli-framework-output cache-miss
73 http fetch GET 200 https://registry.npmjs.org/prompts 598ms (cache miss)
74 silly packumentCache full:https://registry.npmjs.org/prompts set size:undefined disposed:false
75 http fetch GET 200 https://registry.npmjs.org/fs-extra 582ms (cache miss)
76 silly packumentCache full:https://registry.npmjs.org/fs-extra set size:undefined disposed:false
77 http fetch GET 200 https://registry.npmjs.org/commander 618ms (cache miss)
78 silly packumentCache full:https://registry.npmjs.org/commander set size:undefined disposed:false
79 http fetch GET 200 https://registry.npmjs.org/native-run 487ms (cache miss)
80 silly packumentCache full:https://registry.npmjs.org/native-run set size:undefined disposed:false
81 http fetch GET 200 https://registry.npmjs.org/@ionic%2futils-terminal 930ms (cache miss)
82 silly packumentCache full:https://registry.npmjs.org/@ionic%2futils-terminal set size:undefined disposed:false
83 http fetch GET 200 https://registry.npmjs.org/@ionic%2futils-subprocess 865ms (cache miss)
84 silly packumentCache full:https://registry.npmjs.org/@ionic%2futils-subprocess set size:undefined disposed:false
85 http fetch GET 200 https://registry.npmjs.org/@ionic%2fcli-framework-output 853ms (cache miss)
86 silly packumentCache full:https://registry.npmjs.org/@ionic%2fcli-framework-output set size:undefined disposed:false
87 silly placeDep node_modules/@capacitor/cli @ionic/cli-framework-output@2.2.8 OK for: @capacitor/cli@8.3.4 want: ^2.2.8
88 silly placeDep node_modules/@capacitor/cli @ionic/utils-subprocess@3.0.1 OK for: @capacitor/cli@8.3.4 want: ^3.0.1
89 silly placeDep node_modules/@capacitor/cli @ionic/utils-terminal@2.3.5 OK for: @capacitor/cli@8.3.4 want: ^2.3.5
90 silly placeDep node_modules/@capacitor/cli commander@12.1.0 OK for: @capacitor/cli@8.3.4 want: ^12.1.0
91 silly placeDep node_modules/@capacitor/cli debug@4.4.3 OK for: @capacitor/cli@8.3.4 want: ^4.4.0
92 silly placeDep node_modules/@capacitor/cli env-paths@2.2.1 OK for: @capacitor/cli@8.3.4 want: ^2.2.0
93 silly placeDep node_modules/@capacitor/cli fs-extra@11.3.5 OK for: @capacitor/cli@8.3.4 want: ^11.2.0
94 silly placeDep node_modules/@capacitor/cli kleur@4.1.5 OK for: @capacitor/cli@8.3.4 want: ^4.1.5
95 silly placeDep node_modules/@capacitor/cli native-run@2.0.3 OK for: @capacitor/cli@8.3.4 want: ^2.0.3
96 silly placeDep node_modules/@capacitor/cli open@8.4.2 OK for: @capacitor/cli@8.3.4 want: ^8.4.0
97 silly placeDep node_modules/@capacitor/cli plist@3.1.1 OK for: @capacitor/cli@8.3.4 want: ^3.1.0
98 silly placeDep node_modules/@capacitor/cli prompts@2.4.2 OK for: @capacitor/cli@8.3.4 want: ^2.4.2
99 silly placeDep node_modules/@capacitor/cli rimraf@6.1.3 OK for: @capacitor/cli@8.3.4 want: ^6.0.1
100 silly placeDep node_modules/@capacitor/cli semver@7.8.1 OK for: @capacitor/cli@8.3.4 want: ^7.6.3
101 silly placeDep node_modules/@capacitor/cli tar@7.5.15 OK for: @capacitor/cli@8.3.4 want: ^7.5.3
102 silly placeDep node_modules/@capacitor/cli tslib@2.8.1 OK for: @capacitor/cli@8.3.4 want: ^2.8.1
103 silly placeDep node_modules/@capacitor/cli xml2js@0.6.2 OK for: @capacitor/cli@8.3.4 want: ^0.6.2
104 silly fetch manifest @ionic/utils-terminal@2.3.5
105 silly packumentCache full:https://registry.npmjs.org/@ionic%2futils-terminal cache-miss
106 silly fetch manifest debug@^4.0.0
107 silly packumentCache full:https://registry.npmjs.org/debug cache-miss
108 silly fetch manifest tslib@^2.0.1
109 silly packumentCache full:https://registry.npmjs.org/tslib cache-miss
110 silly fetch manifest @ionic/utils-array@2.1.6
111 silly packumentCache full:https://registry.npmjs.org/@ionic%2futils-array cache-miss
112 silly fetch manifest @ionic/utils-fs@3.1.7
113 silly packumentCache full:https://registry.npmjs.org/@ionic%2futils-fs cache-miss
114 silly fetch manifest @ionic/utils-process@2.1.12
115 silly packumentCache full:https://registry.npmjs.org/@ionic%2futils-process cache-miss
116 silly fetch manifest @ionic/utils-stream@3.1.7
117 silly packumentCache full:https://registry.npmjs.org/@ionic%2futils-stream cache-miss
118 http cache https://registry.npmjs.org/@ionic%2futils-terminal 184ms (cache hit)
119 silly packumentCache full:https://registry.npmjs.org/@ionic%2futils-terminal set size:118057 disposed:false
120 silly fetch manifest cross-spawn@^7.0.3
121 silly packumentCache full:https://registry.npmjs.org/cross-spawn cache-miss
122 http cache https://registry.npmjs.org/debug 216ms (cache hit)
123 silly packumentCache full:https://registry.npmjs.org/debug set size:195840 disposed:false
124 silly fetch manifest tslib@^2.0.1
125 silly packumentCache full:https://registry.npmjs.org/tslib cache-miss
126 http cache https://registry.npmjs.org/tslib 263ms (cache hit)
127 silly packumentCache full:https://registry.npmjs.org/tslib set size:108760 disposed:false
128 silly fetch manifest @types/slice-ansi@^4.0.0
129 silly packumentCache full:https://registry.npmjs.org/@types%2fslice-ansi cache-miss
130 http cache https://registry.npmjs.org/tslib 70ms (cache hit)
131 silly packumentCache full:https://registry.npmjs.org/tslib set size:108760 disposed:false
132 silly packumentCache full:https://registry.npmjs.org/tslib dispose
133 silly fetch manifest signal-exit@^3.0.3
134 silly packumentCache full:https://registry.npmjs.org/signal-exit cache-miss
135 http fetch GET 200 https://registry.npmjs.org/cross-spawn 227ms (cache miss)
136 silly packumentCache full:https://registry.npmjs.org/cross-spawn set size:undefined disposed:false
137 silly fetch manifest slice-ansi@^4.0.0
138 silly packumentCache full:https://registry.npmjs.org/slice-ansi cache-miss
139 http fetch GET 200 https://registry.npmjs.org/signal-exit 164ms (cache miss)
140 silly packumentCache full:https://registry.npmjs.org/signal-exit set size:undefined disposed:false
141 silly fetch manifest string-width@^4.1.0
142 silly packumentCache full:https://registry.npmjs.org/string-width cache-miss
143 http fetch GET 200 https://registry.npmjs.org/slice-ansi 122ms (cache miss)
144 silly packumentCache full:https://registry.npmjs.org/slice-ansi set size:undefined disposed:false
145 silly fetch manifest strip-ansi@^6.0.0
146 silly packumentCache full:https://registry.npmjs.org/strip-ansi cache-miss
147 http fetch GET 200 https://registry.npmjs.org/string-width 115ms (cache miss)
148 silly packumentCache full:https://registry.npmjs.org/string-width set size:undefined disposed:false
149 silly fetch manifest untildify@^4.0.0
150 silly packumentCache full:https://registry.npmjs.org/untildify cache-miss
151 http fetch GET 200 https://registry.npmjs.org/strip-ansi 108ms (cache miss)
152 silly packumentCache full:https://registry.npmjs.org/strip-ansi set size:undefined disposed:false
153 silly fetch manifest wrap-ansi@^7.0.0
154 silly packumentCache full:https://registry.npmjs.org/wrap-ansi cache-miss
155 http fetch GET 200 https://registry.npmjs.org/untildify 102ms (cache miss)
156 silly packumentCache full:https://registry.npmjs.org/untildify set size:undefined disposed:false
157 silly fetch manifest ms@^2.1.3
158 silly packumentCache full:https://registry.npmjs.org/ms cache-miss
159 http fetch GET 200 https://registry.npmjs.org/wrap-ansi 228ms (cache miss)
160 silly packumentCache full:https://registry.npmjs.org/wrap-ansi set size:undefined disposed:false
161 silly fetch manifest graceful-fs@^4.2.0
162 silly packumentCache full:https://registry.npmjs.org/graceful-fs cache-miss
163 http fetch GET 200 https://registry.npmjs.org/@ionic%2futils-array 988ms (cache miss)
164 silly packumentCache full:https://registry.npmjs.org/@ionic%2futils-array set size:undefined disposed:false
165 silly fetch manifest jsonfile@^6.0.1
166 silly packumentCache full:https://registry.npmjs.org/jsonfile cache-miss
167 http fetch GET 200 https://registry.npmjs.org/@types%2fslice-ansi 831ms (cache miss)
168 silly packumentCache full:https://registry.npmjs.org/@types%2fslice-ansi set size:undefined disposed:false
169 silly fetch manifest universalify@^2.0.0
170 silly packumentCache full:https://registry.npmjs.org/universalify cache-miss
171 http fetch GET 200 https://registry.npmjs.org/@ionic%2futils-process 1138ms (cache miss)
172 silly packumentCache full:https://registry.npmjs.org/@ionic%2futils-process set size:undefined disposed:false
173 silly fetch manifest @ionic/utils-fs@^3.1.7
174 silly packumentCache full:https://registry.npmjs.org/@ionic%2futils-fs cache-miss
175 http fetch GET 200 https://registry.npmjs.org/ms 438ms (cache miss)
176 silly packumentCache full:https://registry.npmjs.org/ms set size:undefined disposed:false
177 silly fetch manifest bplist-parser@^0.3.2
178 silly packumentCache full:https://registry.npmjs.org/bplist-parser cache-miss
179 http fetch GET 200 https://registry.npmjs.org/jsonfile 282ms (cache miss)
180 silly packumentCache full:https://registry.npmjs.org/jsonfile set size:undefined disposed:false
181 silly fetch manifest elementtree@^0.1.7
182 silly packumentCache full:https://registry.npmjs.org/elementtree cache-miss
183 http fetch GET 200 https://registry.npmjs.org/graceful-fs 393ms (cache miss)
184 silly packumentCache full:https://registry.npmjs.org/graceful-fs set size:undefined disposed:false
185 silly fetch manifest ini@^4.1.1
186 silly packumentCache full:https://registry.npmjs.org/ini cache-miss
187 http fetch GET 200 https://registry.npmjs.org/@ionic%2futils-fs 1451ms (cache miss)
188 silly packumentCache full:https://registry.npmjs.org/@ionic%2futils-fs set size:undefined disposed:false
189 silly fetch manifest split2@^4.2.0
190 silly packumentCache full:https://registry.npmjs.org/split2 cache-miss
191 http fetch GET 200 https://registry.npmjs.org/universalify 434ms (cache miss)
192 silly packumentCache full:https://registry.npmjs.org/universalify set size:undefined disposed:false
193 silly fetch manifest through2@^4.0.2
194 silly packumentCache full:https://registry.npmjs.org/through2 cache-miss
195 http fetch GET 200 https://registry.npmjs.org/@ionic%2futils-fs 432ms (cache miss)
196 silly packumentCache full:https://registry.npmjs.org/@ionic%2futils-fs set size:undefined disposed:false
197 silly fetch manifest tslib@^2.6.2
198 silly packumentCache full:https://registry.npmjs.org/tslib cache-hit
199 silly fetch manifest yauzl@^2.10.0
200 silly packumentCache full:https://registry.npmjs.org/yauzl cache-miss
201 http fetch GET 200 https://registry.npmjs.org/bplist-parser 421ms (cache miss)
202 silly packumentCache full:https://registry.npmjs.org/bplist-parser set size:undefined disposed:false
203 silly fetch manifest is-wsl@^2.2.0
204 silly packumentCache full:https://registry.npmjs.org/is-wsl cache-miss
205 http fetch GET 200 https://registry.npmjs.org/@ionic%2futils-stream 1687ms (cache miss)
206 silly packumentCache full:https://registry.npmjs.org/@ionic%2futils-stream set size:undefined disposed:false
207 silly fetch manifest is-docker@^2.1.1
208 silly packumentCache full:https://registry.npmjs.org/is-docker cache-miss
209 http fetch GET 200 https://registry.npmjs.org/ini 448ms (cache miss)
210 silly packumentCache full:https://registry.npmjs.org/ini set size:undefined disposed:false
211 silly fetch manifest define-lazy-prop@^2.0.0
212 silly packumentCache full:https://registry.npmjs.org/define-lazy-prop cache-miss
213 http fetch GET 200 https://registry.npmjs.org/split2 474ms (cache miss)
214 silly packumentCache full:https://registry.npmjs.org/split2 set size:undefined disposed:false
215 silly fetch manifest base64-js@^1.5.1
216 silly packumentCache full:https://registry.npmjs.org/base64-js cache-miss
217 http fetch GET 200 https://registry.npmjs.org/elementtree 672ms (cache miss)
218 silly packumentCache full:https://registry.npmjs.org/elementtree set size:undefined disposed:false
219 silly fetch manifest xmlbuilder@^15.1.1
220 silly packumentCache full:https://registry.npmjs.org/xmlbuilder cache-miss
221 http fetch GET 200 https://registry.npmjs.org/through2 466ms (cache miss)
222 silly packumentCache full:https://registry.npmjs.org/through2 set size:undefined disposed:false
223 silly fetch manifest @xmldom/xmldom@^0.9.10
224 silly packumentCache full:https://registry.npmjs.org/@xmldom%2fxmldom cache-miss
225 http fetch GET 200 https://registry.npmjs.org/yauzl 434ms (cache miss)
226 silly packumentCache full:https://registry.npmjs.org/yauzl set size:undefined disposed:false
227 silly fetch manifest kleur@^3.0.3
228 silly packumentCache full:https://registry.npmjs.org/kleur cache-miss
229 http fetch GET 200 https://registry.npmjs.org/is-wsl 435ms (cache miss)
230 silly packumentCache full:https://registry.npmjs.org/is-wsl set size:undefined disposed:false
231 silly fetch manifest sisteransi@^1.0.5
232 silly packumentCache full:https://registry.npmjs.org/sisteransi cache-miss
233 http fetch GET 200 https://registry.npmjs.org/is-docker 431ms (cache miss)
234 silly packumentCache full:https://registry.npmjs.org/is-docker set size:undefined disposed:false
235 silly fetch manifest glob@^13.0.3
236 silly packumentCache full:https://registry.npmjs.org/glob cache-miss
237 http fetch GET 200 https://registry.npmjs.org/define-lazy-prop 331ms (cache miss)
238 silly packumentCache full:https://registry.npmjs.org/define-lazy-prop set size:undefined disposed:false
239 silly fetch manifest package-json-from-dist@^1.0.1
240 silly packumentCache full:https://registry.npmjs.org/package-json-from-dist cache-miss
241 http cache https://registry.npmjs.org/kleur 141ms (cache hit)
242 silly packumentCache full:https://registry.npmjs.org/kleur set size:61853 disposed:false
243 silly fetch manifest @isaacs/fs-minipass@^4.0.0
244 silly packumentCache full:https://registry.npmjs.org/@isaacs%2ffs-minipass cache-miss
245 http fetch GET 200 https://registry.npmjs.org/xmlbuilder 271ms (cache miss)
246 silly packumentCache full:https://registry.npmjs.org/xmlbuilder set size:undefined disposed:false
247 silly fetch manifest chownr@^3.0.0
248 silly packumentCache full:https://registry.npmjs.org/chownr cache-miss
249 http fetch GET 200 https://registry.npmjs.org/package-json-from-dist 323ms (cache miss)
250 silly packumentCache full:https://registry.npmjs.org/package-json-from-dist set size:undefined disposed:false
251 silly fetch manifest minipass@^7.1.2
252 silly packumentCache full:https://registry.npmjs.org/minipass cache-miss
253 http fetch GET 200 https://registry.npmjs.org/@isaacs%2ffs-minipass 312ms (cache miss)
254 silly packumentCache full:https://registry.npmjs.org/@isaacs%2ffs-minipass set size:undefined disposed:false
255 silly fetch manifest minizlib@^3.1.0
256 silly packumentCache full:https://registry.npmjs.org/minizlib cache-miss
257 http fetch GET 200 https://registry.npmjs.org/base64-js 613ms (cache miss)
258 silly packumentCache full:https://registry.npmjs.org/base64-js set size:undefined disposed:false
259 silly fetch manifest yallist@^5.0.0
260 silly packumentCache full:https://registry.npmjs.org/yallist cache-miss
261 http fetch GET 200 https://registry.npmjs.org/chownr 322ms (cache miss)
262 silly packumentCache full:https://registry.npmjs.org/chownr set size:undefined disposed:false
263 silly fetch manifest sax@>=0.6.0
264 silly packumentCache full:https://registry.npmjs.org/sax cache-miss
265 http fetch GET 200 https://registry.npmjs.org/@xmldom%2fxmldom 676ms (cache miss)
266 silly packumentCache full:https://registry.npmjs.org/@xmldom%2fxmldom set size:undefined disposed:false
267 silly fetch manifest xmlbuilder@~11.0.0
268 silly packumentCache full:https://registry.npmjs.org/xmlbuilder cache-miss
269 http fetch GET 200 https://registry.npmjs.org/sisteransi 621ms (cache miss)
270 silly packumentCache full:https://registry.npmjs.org/sisteransi set size:undefined disposed:false
271 http fetch GET 200 https://registry.npmjs.org/minizlib 234ms (cache miss)
272 silly packumentCache full:https://registry.npmjs.org/minizlib set size:undefined disposed:false
273 http fetch GET 200 https://registry.npmjs.org/glob 653ms (cache miss)
274 silly packumentCache full:https://registry.npmjs.org/glob set size:undefined disposed:false
275 http cache https://registry.npmjs.org/xmlbuilder 131ms (cache hit)
276 silly packumentCache full:https://registry.npmjs.org/xmlbuilder set size:158707 disposed:false
277 http fetch GET 200 https://registry.npmjs.org/yallist 309ms (cache miss)
278 silly packumentCache full:https://registry.npmjs.org/yallist set size:undefined disposed:false
279 http fetch GET 200 https://registry.npmjs.org/minipass 387ms (cache miss)
280 silly packumentCache full:https://registry.npmjs.org/minipass set size:undefined disposed:false
281 http fetch GET 200 https://registry.npmjs.org/sax 370ms (cache miss)
282 silly packumentCache full:https://registry.npmjs.org/sax set size:undefined disposed:false
283 silly placeDep node_modules/@capacitor/cli @ionic/utils-array@2.1.6 OK for: @ionic/utils-subprocess@3.0.1 want: 2.1.6
284 silly placeDep node_modules/@capacitor/cli @ionic/utils-fs@3.1.7 OK for: @ionic/utils-subprocess@3.0.1 want: 3.1.7
285 silly placeDep node_modules/@capacitor/cli @ionic/utils-process@2.1.12 OK for: @ionic/utils-subprocess@3.0.1 want: 2.1.12
286 silly placeDep node_modules/@capacitor/cli @ionic/utils-stream@3.1.7 OK for: @ionic/utils-subprocess@3.0.1 want: 3.1.7
287 silly placeDep node_modules/@capacitor/cli cross-spawn@7.0.6 OK for: @ionic/utils-subprocess@3.0.1 want: ^7.0.3
288 silly fetch manifest @types/fs-extra@^8.0.0
289 silly packumentCache full:https://registry.npmjs.org/@types%2ffs-extra cache-miss
290 silly fetch manifest fs-extra@^9.0.0
291 silly packumentCache full:https://registry.npmjs.org/fs-extra cache-miss
292 silly fetch manifest @ionic/utils-object@2.1.6
293 silly packumentCache full:https://registry.npmjs.org/@ionic%2futils-object cache-miss
294 silly fetch manifest tree-kill@^1.2.2
295 silly packumentCache full:https://registry.npmjs.org/tree-kill cache-miss
296 silly fetch manifest which@^2.0.1
297 silly packumentCache full:https://registry.npmjs.org/which cache-miss
298 silly fetch manifest path-key@^3.1.0
299 silly packumentCache full:https://registry.npmjs.org/path-key cache-miss
300 silly fetch manifest shebang-command@^2.0.0
301 silly packumentCache full:https://registry.npmjs.org/shebang-command cache-miss
302 http cache https://registry.npmjs.org/fs-extra 114ms (cache hit)
303 silly packumentCache full:https://registry.npmjs.org/fs-extra set size:234923 disposed:false
304 http fetch GET 200 https://registry.npmjs.org/tree-kill 230ms (cache miss)
305 silly packumentCache full:https://registry.npmjs.org/tree-kill set size:undefined disposed:false
306 http fetch GET 200 https://registry.npmjs.org/shebang-command 222ms (cache miss)
307 silly packumentCache full:https://registry.npmjs.org/shebang-command set size:undefined disposed:false
308 http fetch GET 200 https://registry.npmjs.org/path-key 243ms (cache miss)
309 silly packumentCache full:https://registry.npmjs.org/path-key set size:undefined disposed:false
310 http fetch GET 200 https://registry.npmjs.org/which 258ms (cache miss)
311 silly packumentCache full:https://registry.npmjs.org/which set size:undefined disposed:false
312 http fetch GET 200 https://registry.npmjs.org/@types%2ffs-extra 296ms (cache miss)
313 silly packumentCache full:https://registry.npmjs.org/@types%2ffs-extra set size:undefined disposed:false
314 http fetch GET 200 https://registry.npmjs.org/@ionic%2futils-object 880ms (cache miss)
315 silly packumentCache full:https://registry.npmjs.org/@ionic%2futils-object set size:undefined disposed:false
316 silly placeDep node_modules/@capacitor/cli @types/fs-extra@8.1.5 OK for: @ionic/utils-fs@3.1.7 want: ^8.0.0
317 silly placeDep node_modules/@capacitor/cli/node_modules/@ionic/utils-fs fs-extra@9.1.0 OK for: @ionic/utils-fs@3.1.7 want: ^9.0.0
318 silly fetch manifest @types/node@*
319 silly packumentCache full:https://registry.npmjs.org/@types%2fnode cache-miss
320 silly fetch manifest at-least-node@^1.0.0
321 silly packumentCache full:https://registry.npmjs.org/at-least-node cache-miss
322 http fetch GET 200 https://registry.npmjs.org/at-least-node 98ms (cache miss)
323 silly packumentCache full:https://registry.npmjs.org/at-least-node set size:undefined disposed:false
324 http fetch GET 200 https://registry.npmjs.org/@types%2fnode 1109ms (cache miss)
325 silly packumentCache full:https://registry.npmjs.org/@types%2fnode set size:undefined disposed:false
326 silly placeDep node_modules/@capacitor/cli @ionic/utils-object@2.1.6 OK for: @ionic/utils-process@2.1.12 want: 2.1.6
327 silly placeDep node_modules/@capacitor/cli signal-exit@3.0.7 OK for: @ionic/utils-process@2.1.12 want: ^3.0.3
328 silly placeDep node_modules/@capacitor/cli tree-kill@1.2.2 OK for: @ionic/utils-process@2.1.12 want: ^1.2.2
329 silly placeDep node_modules/@capacitor/cli @types/slice-ansi@4.0.0 OK for: @ionic/utils-terminal@2.3.5 want: ^4.0.0
330 silly placeDep node_modules/@capacitor/cli slice-ansi@4.0.0 OK for: @ionic/utils-terminal@2.3.5 want: ^4.0.0
331 silly placeDep node_modules/@capacitor/cli string-width@4.2.3 OK for: @ionic/utils-terminal@2.3.5 want: ^4.1.0
332 silly placeDep node_modules/@capacitor/cli strip-ansi@6.0.1 OK for: @ionic/utils-terminal@2.3.5 want: ^6.0.0
333 silly placeDep node_modules/@capacitor/cli untildify@4.0.0 OK for: @ionic/utils-terminal@2.3.5 want: ^4.0.0
334 silly placeDep node_modules/@capacitor/cli wrap-ansi@7.0.0 OK for: @ionic/utils-terminal@2.3.5 want: ^7.0.0
335 silly fetch manifest ansi-styles@^4.0.0
336 silly packumentCache full:https://registry.npmjs.org/ansi-styles cache-miss
337 silly fetch manifest astral-regex@^2.0.0
338 silly packumentCache full:https://registry.npmjs.org/astral-regex cache-miss
339 silly fetch manifest is-fullwidth-code-point@^3.0.0
340 silly packumentCache full:https://registry.npmjs.org/is-fullwidth-code-point cache-miss
341 silly fetch manifest strip-ansi@^6.0.1
342 silly packumentCache full:https://registry.npmjs.org/strip-ansi cache-miss
343 silly fetch manifest emoji-regex@^8.0.0
344 silly packumentCache full:https://registry.npmjs.org/emoji-regex cache-miss
345 silly fetch manifest is-fullwidth-code-point@^3.0.0
346 silly packumentCache full:https://registry.npmjs.org/is-fullwidth-code-point cache-miss
347 silly fetch manifest ansi-regex@^5.0.1
348 silly packumentCache full:https://registry.npmjs.org/ansi-regex cache-miss
349 http cache https://registry.npmjs.org/strip-ansi 187ms (cache hit)
350 silly packumentCache full:https://registry.npmjs.org/strip-ansi set size:44998 disposed:false
351 silly fetch manifest ansi-styles@^4.0.0
352 silly packumentCache full:https://registry.npmjs.org/ansi-styles cache-miss
353 http fetch GET 200 https://registry.npmjs.org/astral-regex 281ms (cache miss)
354 silly packumentCache full:https://registry.npmjs.org/astral-regex set size:undefined disposed:false
355 http fetch GET 200 https://registry.npmjs.org/is-fullwidth-code-point 287ms (cache miss)
356 silly packumentCache full:https://registry.npmjs.org/is-fullwidth-code-point set size:undefined disposed:false
357 http fetch GET 200 https://registry.npmjs.org/ansi-regex 271ms (cache miss)
358 silly packumentCache full:https://registry.npmjs.org/ansi-regex set size:undefined disposed:false
359 http fetch GET 200 https://registry.npmjs.org/emoji-regex 307ms (cache miss)
360 silly packumentCache full:https://registry.npmjs.org/emoji-regex set size:undefined disposed:false
361 http fetch GET 200 https://registry.npmjs.org/is-fullwidth-code-point 319ms (cache miss)
362 silly packumentCache full:https://registry.npmjs.org/is-fullwidth-code-point set size:undefined disposed:false
363 http fetch GET 200 https://registry.npmjs.org/ansi-styles 367ms (cache miss)
364 silly packumentCache full:https://registry.npmjs.org/ansi-styles set size:undefined disposed:false
365 http fetch GET 200 https://registry.npmjs.org/ansi-styles 169ms (cache miss)
366 silly packumentCache full:https://registry.npmjs.org/ansi-styles set size:undefined disposed:false
367 silly placeDep node_modules/@capacitor/cli @types/node@25.9.1 OK for: @types/fs-extra@8.1.5 want: *
368 silly fetch manifest undici-types@>=7.24.0 <7.24.7
369 silly packumentCache full:https://registry.npmjs.org/undici-types cache-miss
370 http fetch GET 200 https://registry.npmjs.org/undici-types 143ms (cache miss)
371 silly packumentCache full:https://registry.npmjs.org/undici-types set size:undefined disposed:false
372 silly placeDep node_modules/@capacitor/cli undici-types@7.24.6 OK for: @types/node@25.9.1 want: >=7.24.0 <7.24.7
373 silly placeDep node_modules/@capacitor/cli path-key@3.1.1 OK for: cross-spawn@7.0.6 want: ^3.1.0
374 silly placeDep node_modules/@capacitor/cli shebang-command@2.0.0 OK for: cross-spawn@7.0.6 want: ^2.0.0
375 silly placeDep node_modules/@capacitor/cli which@2.0.2 OK for: cross-spawn@7.0.6 want: ^2.0.1
376 silly fetch manifest shebang-regex@^3.0.0
377 silly packumentCache full:https://registry.npmjs.org/shebang-regex cache-miss
378 silly fetch manifest isexe@^2.0.0
379 silly packumentCache full:https://registry.npmjs.org/isexe cache-miss
380 http fetch GET 200 https://registry.npmjs.org/shebang-regex 133ms (cache miss)
381 silly packumentCache full:https://registry.npmjs.org/shebang-regex set size:undefined disposed:false
382 http fetch GET 200 https://registry.npmjs.org/isexe 134ms (cache miss)
383 silly packumentCache full:https://registry.npmjs.org/isexe set size:undefined disposed:false
384 silly placeDep node_modules/@capacitor/cli ms@2.1.3 OK for: debug@4.4.3 want: ^2.1.3
385 silly placeDep node_modules/@capacitor/cli graceful-fs@4.2.11 OK for: fs-extra@11.3.5 want: ^4.2.0
386 silly placeDep node_modules/@capacitor/cli jsonfile@6.2.1 OK for: fs-extra@11.3.5 want: ^6.0.1
387 silly placeDep node_modules/@capacitor/cli universalify@2.0.1 OK for: fs-extra@11.3.5 want: ^2.0.0
388 silly placeDep node_modules/@capacitor/cli bplist-parser@0.3.2 OK for: native-run@2.0.3 want: ^0.3.2
389 silly placeDep node_modules/@capacitor/cli elementtree@0.1.7 OK for: native-run@2.0.3 want: ^0.1.7
390 silly placeDep node_modules/@capacitor/cli ini@4.1.3 OK for: native-run@2.0.3 want: ^4.1.1
391 silly placeDep node_modules/@capacitor/cli split2@4.2.0 OK for: native-run@2.0.3 want: ^4.2.0
392 silly placeDep node_modules/@capacitor/cli through2@4.0.2 OK for: native-run@2.0.3 want: ^4.0.2
393 silly placeDep node_modules/@capacitor/cli yauzl@2.10.0 OK for: native-run@2.0.3 want: ^2.10.0
394 silly fetch manifest big-integer@1.6.x
395 silly packumentCache full:https://registry.npmjs.org/big-integer cache-miss
396 silly fetch manifest sax@1.1.4
397 silly packumentCache full:https://registry.npmjs.org/sax cache-miss
398 silly fetch manifest readable-stream@3
399 silly packumentCache full:https://registry.npmjs.org/readable-stream cache-miss
400 silly fetch manifest fd-slicer@~1.1.0
401 silly packumentCache full:https://registry.npmjs.org/fd-slicer cache-miss
402 silly fetch manifest buffer-crc32@~0.2.3
403 silly packumentCache full:https://registry.npmjs.org/buffer-crc32 cache-miss
404 http cache https://registry.npmjs.org/sax 73ms (cache hit)
405 silly packumentCache full:https://registry.npmjs.org/sax set size:91199 disposed:false
406 http fetch GET 200 https://registry.npmjs.org/fd-slicer 169ms (cache miss)
407 silly packumentCache full:https://registry.npmjs.org/fd-slicer set size:undefined disposed:false
408 http fetch GET 200 https://registry.npmjs.org/readable-stream 191ms (cache miss)
409 silly packumentCache full:https://registry.npmjs.org/readable-stream set size:undefined disposed:false
410 http fetch GET 200 https://registry.npmjs.org/buffer-crc32 226ms (cache miss)
411 silly packumentCache full:https://registry.npmjs.org/buffer-crc32 set size:undefined disposed:false
412 http fetch GET 200 https://registry.npmjs.org/big-integer 481ms (cache miss)
413 silly packumentCache full:https://registry.npmjs.org/big-integer set size:undefined disposed:false
414 silly placeDep node_modules/@capacitor/cli big-integer@1.6.52 OK for: bplist-parser@0.3.2 want: 1.6.x
415 silly placeDep node_modules/@capacitor/cli sax@1.1.4 OK for: elementtree@0.1.7 want: 1.1.4
416 silly placeDep node_modules/@capacitor/cli define-lazy-prop@2.0.0 OK for: open@8.4.2 want: ^2.0.0
417 silly placeDep node_modules/@capacitor/cli is-docker@2.2.1 OK for: open@8.4.2 want: ^2.1.1
418 silly placeDep node_modules/@capacitor/cli is-wsl@2.2.0 OK for: open@8.4.2 want: ^2.2.0
419 silly placeDep node_modules/@capacitor/cli @xmldom/xmldom@0.9.10 OK for: plist@3.1.1 want: ^0.9.10
420 silly placeDep node_modules/@capacitor/cli base64-js@1.5.1 OK for: plist@3.1.1 want: ^1.5.1
421 silly placeDep node_modules/@capacitor/cli xmlbuilder@15.1.1 OK for: plist@3.1.1 want: ^15.1.1
422 silly placeDep node_modules/@capacitor/cli/node_modules/prompts kleur@3.0.3 OK for: prompts@2.4.2 want: ^3.0.3
423 silly placeDep node_modules/@capacitor/cli sisteransi@1.0.5 OK for: prompts@2.4.2 want: ^1.0.5
424 silly placeDep node_modules/@capacitor/cli glob@13.0.6 OK for: rimraf@6.1.3 want: ^13.0.3
425 silly placeDep node_modules/@capacitor/cli package-json-from-dist@1.0.1 OK for: rimraf@6.1.3 want: ^1.0.1
426 silly fetch manifest minimatch@^10.2.2
427 silly packumentCache full:https://registry.npmjs.org/minimatch cache-miss
428 silly fetch manifest minipass@^7.1.3
429 silly packumentCache full:https://registry.npmjs.org/minipass cache-miss
430 silly fetch manifest path-scurry@^2.0.2
431 silly packumentCache full:https://registry.npmjs.org/path-scurry cache-miss
432 http cache https://registry.npmjs.org/minipass 58ms (cache hit)
433 silly packumentCache full:https://registry.npmjs.org/minipass set size:276925 disposed:false
434 http fetch GET 200 https://registry.npmjs.org/path-scurry 166ms (cache miss)
435 silly packumentCache full:https://registry.npmjs.org/path-scurry set size:undefined disposed:false
436 http fetch GET 200 https://registry.npmjs.org/minimatch 210ms (cache miss)
437 silly packumentCache full:https://registry.npmjs.org/minimatch set size:undefined disposed:false
438 silly placeDep node_modules/@capacitor/cli minimatch@10.2.5 OK for: glob@13.0.6 want: ^10.2.2
439 silly placeDep node_modules/@capacitor/cli minipass@7.1.3 OK for: glob@13.0.6 want: ^7.1.3
440 silly placeDep node_modules/@capacitor/cli path-scurry@2.0.2 OK for: glob@13.0.6 want: ^2.0.2
441 silly fetch manifest brace-expansion@^5.0.5
442 silly packumentCache full:https://registry.npmjs.org/brace-expansion cache-miss
443 silly fetch manifest lru-cache@^11.0.0
444 silly packumentCache full:https://registry.npmjs.org/lru-cache cache-miss
445 http fetch GET 200 https://registry.npmjs.org/brace-expansion 289ms (cache miss)
446 silly packumentCache full:https://registry.npmjs.org/brace-expansion set size:undefined disposed:false
447 http fetch GET 200 https://registry.npmjs.org/lru-cache 327ms (cache miss)
448 silly packumentCache full:https://registry.npmjs.org/lru-cache set size:undefined disposed:false
449 silly placeDep node_modules/@capacitor/cli brace-expansion@5.0.6 OK for: minimatch@10.2.5 want: ^5.0.5
450 silly fetch manifest balanced-match@^4.0.2
451 silly packumentCache full:https://registry.npmjs.org/balanced-match cache-miss
452 http fetch GET 200 https://registry.npmjs.org/balanced-match 104ms (cache miss)
453 silly packumentCache full:https://registry.npmjs.org/balanced-match set size:undefined disposed:false
454 silly placeDep node_modules/@capacitor/cli balanced-match@4.0.4 OK for: brace-expansion@5.0.6 want: ^4.0.2
455 silly placeDep node_modules/@capacitor/cli lru-cache@11.5.0 OK for: path-scurry@2.0.2 want: ^11.0.0
456 silly placeDep node_modules/@capacitor/cli shebang-regex@3.0.0 OK for: shebang-command@2.0.0 want: ^3.0.0
457 silly placeDep node_modules/@capacitor/cli ansi-styles@4.3.0 OK for: slice-ansi@4.0.0 want: ^4.0.0
458 silly placeDep node_modules/@capacitor/cli astral-regex@2.0.0 OK for: slice-ansi@4.0.0 want: ^2.0.0
459 silly placeDep node_modules/@capacitor/cli is-fullwidth-code-point@3.0.0 OK for: slice-ansi@4.0.0 want: ^3.0.0
460 silly fetch manifest color-convert@^2.0.1
461 silly packumentCache full:https://registry.npmjs.org/color-convert cache-miss
462 http fetch GET 200 https://registry.npmjs.org/color-convert 125ms (cache miss)
463 silly packumentCache full:https://registry.npmjs.org/color-convert set size:undefined disposed:false
464 silly placeDep node_modules/@capacitor/cli color-convert@2.0.1 OK for: ansi-styles@4.3.0 want: ^2.0.1
465 silly fetch manifest color-name@~1.1.4
466 silly packumentCache full:https://registry.npmjs.org/color-name cache-miss
467 http fetch GET 200 https://registry.npmjs.org/color-name 94ms (cache miss)
468 silly packumentCache full:https://registry.npmjs.org/color-name set size:undefined disposed:false
469 silly placeDep node_modules/@capacitor/cli color-name@1.1.4 OK for: color-convert@2.0.1 want: ~1.1.4
470 silly placeDep node_modules/@capacitor/cli emoji-regex@8.0.0 OK for: string-width@4.2.3 want: ^8.0.0
471 silly placeDep node_modules/@capacitor/cli ansi-regex@5.0.1 OK for: strip-ansi@6.0.1 want: ^5.0.1
472 silly placeDep node_modules/@capacitor/cli @isaacs/fs-minipass@4.0.1 OK for: tar@7.5.15 want: ^4.0.0
473 silly placeDep node_modules/@capacitor/cli chownr@3.0.0 OK for: tar@7.5.15 want: ^3.0.0
474 silly placeDep node_modules/@capacitor/cli minizlib@3.1.0 OK for: tar@7.5.15 want: ^3.1.0
475 silly placeDep node_modules/@capacitor/cli yallist@5.0.0 OK for: tar@7.5.15 want: ^5.0.0
476 silly placeDep node_modules/@capacitor/cli readable-stream@3.6.2 OK for: through2@4.0.2 want: 3
477 silly fetch manifest inherits@^2.0.3
478 silly packumentCache full:https://registry.npmjs.org/inherits cache-miss
479 silly fetch manifest string_decoder@^1.1.1
480 silly packumentCache full:https://registry.npmjs.org/string_decoder cache-miss
481 silly fetch manifest util-deprecate@^1.0.1
482 silly packumentCache full:https://registry.npmjs.org/util-deprecate cache-miss
483 http fetch GET 200 https://registry.npmjs.org/util-deprecate 130ms (cache miss)
484 silly packumentCache full:https://registry.npmjs.org/util-deprecate set size:undefined disposed:false
485 http fetch GET 200 https://registry.npmjs.org/inherits 149ms (cache miss)
486 silly packumentCache full:https://registry.npmjs.org/inherits set size:undefined disposed:false
487 http fetch GET 200 https://registry.npmjs.org/string_decoder 152ms (cache miss)
488 silly packumentCache full:https://registry.npmjs.org/string_decoder set size:undefined disposed:false
489 silly placeDep node_modules/@capacitor/cli inherits@2.0.4 OK for: readable-stream@3.6.2 want: ^2.0.3
490 silly placeDep node_modules/@capacitor/cli string_decoder@1.3.0 OK for: readable-stream@3.6.2 want: ^1.1.1
491 silly placeDep node_modules/@capacitor/cli util-deprecate@1.0.2 OK for: readable-stream@3.6.2 want: ^1.0.1
492 silly fetch manifest safe-buffer@~5.2.0
493 silly packumentCache full:https://registry.npmjs.org/safe-buffer cache-miss
494 http fetch GET 200 https://registry.npmjs.org/safe-buffer 137ms (cache miss)
495 silly packumentCache full:https://registry.npmjs.org/safe-buffer set size:undefined disposed:false
496 silly placeDep node_modules/@capacitor/cli safe-buffer@5.2.1 OK for: string_decoder@1.3.0 want: ~5.2.0
497 silly placeDep node_modules/@capacitor/cli isexe@2.0.0 OK for: which@2.0.2 want: ^2.0.0
498 silly placeDep node_modules/@capacitor/cli/node_modules/xml2js xmlbuilder@11.0.1 OK for: xml2js@0.6.2 want: ~11.0.0
499 silly placeDep node_modules/@capacitor/cli buffer-crc32@0.2.13 OK for: yauzl@2.10.0 want: ~0.2.3
500 silly placeDep node_modules/@capacitor/cli fd-slicer@1.1.0 OK for: yauzl@2.10.0 want: ~1.1.0
501 silly fetch manifest pend@~1.2.0
502 silly packumentCache full:https://registry.npmjs.org/pend cache-miss
503 http fetch GET 200 https://registry.npmjs.org/pend 92ms (cache miss)
504 silly packumentCache full:https://registry.npmjs.org/pend set size:undefined disposed:false
505 silly placeDep node_modules/@capacitor/cli pend@1.2.0 OK for: fd-slicer@1.1.0 want: ~1.2.0
506 silly placeDep node_modules/@capacitor/cli at-least-node@1.0.0 OK for: fs-extra@9.1.0 want: ^1.0.0
507 silly reify moves {}
508 http cache @capacitor/cli@https://registry.npmjs.org/@capacitor/cli/-/cli-8.3.4.tgz 1ms (cache hit)
509 http cache at-least-node@https://registry.npmjs.org/at-least-node/-/at-least-node-1.0.0.tgz 0ms (cache hit)
510 http cache pend@https://registry.npmjs.org/pend/-/pend-1.2.0.tgz 0ms (cache hit)
511 http cache fd-slicer@https://registry.npmjs.org/fd-slicer/-/fd-slicer-1.1.0.tgz 1ms (cache hit)
512 http cache buffer-crc32@https://registry.npmjs.org/buffer-crc32/-/buffer-crc32-0.2.13.tgz 0ms (cache hit)
513 http cache isexe@https://registry.npmjs.org/isexe/-/isexe-2.0.0.tgz 0ms (cache hit)
514 http cache safe-buffer@https://registry.npmjs.org/safe-buffer/-/safe-buffer-5.2.1.tgz 0ms (cache hit)
515 http cache util-deprecate@https://registry.npmjs.org/util-deprecate/-/util-deprecate-1.0.2.tgz 0ms (cache hit)
516 http cache string_decoder@https://registry.npmjs.org/string_decoder/-/string_decoder-1.3.0.tgz 0ms (cache hit)
517 http cache readable-stream@https://registry.npmjs.org/readable-stream/-/readable-stream-3.6.2.tgz 0ms (cache hit)
518 http cache yallist@https://registry.npmjs.org/yallist/-/yallist-5.0.0.tgz 0ms (cache hit)
519 http cache minizlib@https://registry.npmjs.org/minizlib/-/minizlib-3.1.0.tgz 0ms (cache hit)
520 http cache chownr@https://registry.npmjs.org/chownr/-/chownr-3.0.0.tgz 1ms (cache hit)
521 http cache @isaacs/fs-minipass@https://registry.npmjs.org/@isaacs/fs-minipass/-/fs-minipass-4.0.1.tgz 0ms (cache hit)
522 http cache ansi-regex@https://registry.npmjs.org/ansi-regex/-/ansi-regex-5.0.1.tgz 0ms (cache hit)
523 http cache emoji-regex@https://registry.npmjs.org/emoji-regex/-/emoji-regex-8.0.0.tgz 0ms (cache hit)
524 http cache color-name@https://registry.npmjs.org/color-name/-/color-name-1.1.4.tgz 0ms (cache hit)
525 http cache color-convert@https://registry.npmjs.org/color-convert/-/color-convert-2.0.1.tgz 0ms (cache hit)
526 http cache is-fullwidth-code-point@https://registry.npmjs.org/is-fullwidth-code-point/-/is-fullwidth-code-point-3.0.0.tgz 0ms (cache hit)
527 http cache astral-regex@https://registry.npmjs.org/astral-regex/-/astral-regex-2.0.0.tgz 0ms (cache hit)
528 http cache ansi-styles@https://registry.npmjs.org/ansi-styles/-/ansi-styles-4.3.0.tgz 0ms (cache hit)
529 http cache shebang-regex@https://registry.npmjs.org/shebang-regex/-/shebang-regex-3.0.0.tgz 0ms (cache hit)
530 http cache lru-cache@https://registry.npmjs.org/lru-cache/-/lru-cache-11.5.0.tgz 0ms (cache hit)
531 http cache balanced-match@https://registry.npmjs.org/balanced-match/-/balanced-match-4.0.4.tgz 0ms (cache hit)
532 http cache brace-expansion@https://registry.npmjs.org/brace-expansion/-/brace-expansion-5.0.6.tgz 0ms (cache hit)
533 http cache minipass@https://registry.npmjs.org/minipass/-/minipass-7.1.3.tgz 1ms (cache hit)
534 http cache path-scurry@https://registry.npmjs.org/path-scurry/-/path-scurry-2.0.2.tgz 0ms (cache hit)
535 http cache package-json-from-dist@https://registry.npmjs.org/package-json-from-dist/-/package-json-from-dist-1.0.1.tgz 0ms (cache hit)
536 http cache glob@https://registry.npmjs.org/glob/-/glob-13.0.6.tgz 0ms (cache hit)
537 http cache sisteransi@https://registry.npmjs.org/sisteransi/-/sisteransi-1.0.5.tgz 0ms (cache hit)
538 http cache xmlbuilder@https://registry.npmjs.org/xmlbuilder/-/xmlbuilder-15.1.1.tgz 0ms (cache hit)
539 http cache base64-js@https://registry.npmjs.org/base64-js/-/base64-js-1.5.1.tgz 0ms (cache hit)
540 http cache @xmldom/xmldom@https://registry.npmjs.org/@xmldom/xmldom/-/xmldom-0.9.10.tgz 1ms (cache hit)
541 http cache is-wsl@https://registry.npmjs.org/is-wsl/-/is-wsl-2.2.0.tgz 0ms (cache hit)
542 http cache is-docker@https://registry.npmjs.org/is-docker/-/is-docker-2.2.1.tgz 0ms (cache hit)
543 http cache define-lazy-prop@https://registry.npmjs.org/define-lazy-prop/-/define-lazy-prop-2.0.0.tgz 1ms (cache hit)
544 http cache big-integer@https://registry.npmjs.org/big-integer/-/big-integer-1.6.52.tgz 0ms (cache hit)
545 http cache sax@https://registry.npmjs.org/sax/-/sax-1.1.4.tgz 0ms (cache hit)
546 http cache through2@https://registry.npmjs.org/through2/-/through2-4.0.2.tgz 1ms (cache hit)
547 http cache yauzl@https://registry.npmjs.org/yauzl/-/yauzl-2.10.0.tgz 0ms (cache hit)
548 http cache split2@https://registry.npmjs.org/split2/-/split2-4.2.0.tgz 0ms (cache hit)
549 http cache ini@https://registry.npmjs.org/ini/-/ini-4.1.3.tgz 0ms (cache hit)
550 http cache elementtree@https://registry.npmjs.org/elementtree/-/elementtree-0.1.7.tgz 0ms (cache hit)
551 http cache bplist-parser@https://registry.npmjs.org/bplist-parser/-/bplist-parser-0.3.2.tgz 0ms (cache hit)
552 http cache universalify@https://registry.npmjs.org/universalify/-/universalify-2.0.1.tgz 0ms (cache hit)
553 http cache jsonfile@https://registry.npmjs.org/jsonfile/-/jsonfile-6.2.1.tgz 1ms (cache hit)
554 http cache graceful-fs@https://registry.npmjs.org/graceful-fs/-/graceful-fs-4.2.11.tgz 0ms (cache hit)
555 http cache ms@https://registry.npmjs.org/ms/-/ms-2.1.3.tgz 0ms (cache hit)
556 http cache which@https://registry.npmjs.org/which/-/which-2.0.2.tgz 1ms (cache hit)
557 http cache shebang-command@https://registry.npmjs.org/shebang-command/-/shebang-command-2.0.0.tgz 0ms (cache hit)
558 http cache path-key@https://registry.npmjs.org/path-key/-/path-key-3.1.1.tgz 0ms (cache hit)
559 http cache undici-types@https://registry.npmjs.org/undici-types/-/undici-types-7.24.6.tgz 0ms (cache hit)
560 http cache wrap-ansi@https://registry.npmjs.org/wrap-ansi/-/wrap-ansi-7.0.0.tgz 0ms (cache hit)
561 http cache @types/node@https://registry.npmjs.org/@types/node/-/node-25.9.1.tgz 1ms (cache hit)
562 http cache strip-ansi@https://registry.npmjs.org/strip-ansi/-/strip-ansi-6.0.1.tgz 0ms (cache hit)
563 http cache untildify@https://registry.npmjs.org/untildify/-/untildify-4.0.0.tgz 0ms (cache hit)
564 http cache slice-ansi@https://registry.npmjs.org/slice-ansi/-/slice-ansi-4.0.0.tgz 0ms (cache hit)
565 http cache string-width@https://registry.npmjs.org/string-width/-/string-width-4.2.3.tgz 0ms (cache hit)
566 http cache tree-kill@https://registry.npmjs.org/tree-kill/-/tree-kill-1.2.2.tgz 0ms (cache hit)
567 http cache @types/slice-ansi@https://registry.npmjs.org/@types/slice-ansi/-/slice-ansi-4.0.0.tgz 1ms (cache hit)
568 http cache signal-exit@https://registry.npmjs.org/signal-exit/-/signal-exit-3.0.7.tgz 0ms (cache hit)
569 http cache @ionic/utils-object@https://registry.npmjs.org/@ionic/utils-object/-/utils-object-2.1.6.tgz 0ms (cache hit)
570 http cache @types/fs-extra@https://registry.npmjs.org/@types/fs-extra/-/fs-extra-8.1.5.tgz 0ms (cache hit)
571 http cache cross-spawn@https://registry.npmjs.org/cross-spawn/-/cross-spawn-7.0.6.tgz 0ms (cache hit)
572 http cache @ionic/utils-stream@https://registry.npmjs.org/@ionic/utils-stream/-/utils-stream-3.1.7.tgz 0ms (cache hit)
573 http cache @ionic/utils-process@https://registry.npmjs.org/@ionic/utils-process/-/utils-process-2.1.12.tgz 0ms (cache hit)
574 http cache @ionic/utils-fs@https://registry.npmjs.org/@ionic/utils-fs/-/utils-fs-3.1.7.tgz 1ms (cache hit)
575 http cache fs-extra@https://registry.npmjs.org/fs-extra/-/fs-extra-9.1.0.tgz 0ms (cache hit)
576 http cache @ionic/utils-array@https://registry.npmjs.org/@ionic/utils-array/-/utils-array-2.1.6.tgz 0ms (cache hit)
577 http cache xml2js@https://registry.npmjs.org/xml2js/-/xml2js-0.6.2.tgz 0ms (cache hit)
578 http cache xmlbuilder@https://registry.npmjs.org/xmlbuilder/-/xmlbuilder-11.0.1.tgz 0ms (cache hit)
579 http cache tslib@https://registry.npmjs.org/tslib/-/tslib-2.8.1.tgz 0ms (cache hit)
580 http cache tar@https://registry.npmjs.org/tar/-/tar-7.5.15.tgz 0ms (cache hit)
581 http cache semver@https://registry.npmjs.org/semver/-/semver-7.8.1.tgz 0ms (cache hit)
582 http cache rimraf@https://registry.npmjs.org/rimraf/-/rimraf-6.1.3.tgz 1ms (cache hit)
583 http cache prompts@https://registry.npmjs.org/prompts/-/prompts-2.4.2.tgz 0ms (cache hit)
584 http cache minimatch@https://registry.npmjs.org/minimatch/-/minimatch-10.2.5.tgz 0ms (cache hit)
585 http cache inherits@https://registry.npmjs.org/inherits/-/inherits-2.0.4.tgz 0ms (cache hit)
586 http cache open@https://registry.npmjs.org/open/-/open-8.4.2.tgz 0ms (cache hit)
587 http cache kleur@https://registry.npmjs.org/kleur/-/kleur-4.1.5.tgz 0ms (cache hit)
588 http cache fs-extra@https://registry.npmjs.org/fs-extra/-/fs-extra-11.3.5.tgz 1ms (cache hit)
589 http cache env-paths@https://registry.npmjs.org/env-paths/-/env-paths-2.2.1.tgz 0ms (cache hit)
590 http cache debug@https://registry.npmjs.org/debug/-/debug-4.4.3.tgz 0ms (cache hit)
591 http cache commander@https://registry.npmjs.org/commander/-/commander-12.1.0.tgz 0ms (cache hit)
592 http cache native-run@https://registry.npmjs.org/native-run/-/native-run-2.0.3.tgz 0ms (cache hit)
593 http cache @ionic/utils-terminal@https://registry.npmjs.org/@ionic/utils-terminal/-/utils-terminal-2.3.5.tgz 0ms (cache hit)
594 http cache @ionic/utils-subprocess@https://registry.npmjs.org/@ionic/utils-subprocess/-/utils-subprocess-3.0.1.tgz 0ms (cache hit)
595 http cache @ionic/cli-framework-output@https://registry.npmjs.org/@ionic/cli-framework-output/-/cli-framework-output-2.2.8.tgz 0ms (cache hit)
596 http cache plist@https://registry.npmjs.org/plist/-/plist-3.1.1.tgz 1ms (cache hit)
597 http cache kleur@https://registry.npmjs.org/kleur/-/kleur-3.0.3.tgz 1ms (cache hit)
598 silly tarball no local data for @capacitor/cli@https://registry.npmjs.org/@capacitor/cli/-/cli-8.3.4.tgz. Extracting by manifest.
599 silly tarball no local data for at-least-node@https://registry.npmjs.org/at-least-node/-/at-least-node-1.0.0.tgz. Extracting by manifest.
600 silly tarball no local data for pend@https://registry.npmjs.org/pend/-/pend-1.2.0.tgz. Extracting by manifest.
601 silly tarball no local data for fd-slicer@https://registry.npmjs.org/fd-slicer/-/fd-slicer-1.1.0.tgz. Extracting by manifest.
602 silly tarball no local data for buffer-crc32@https://registry.npmjs.org/buffer-crc32/-/buffer-crc32-0.2.13.tgz. Extracting by manifest.
603 silly tarball no local data for isexe@https://registry.npmjs.org/isexe/-/isexe-2.0.0.tgz. Extracting by manifest.
604 silly tarball no local data for safe-buffer@https://registry.npmjs.org/safe-buffer/-/safe-buffer-5.2.1.tgz. Extracting by manifest.
605 silly tarball no local data for util-deprecate@https://registry.npmjs.org/util-deprecate/-/util-deprecate-1.0.2.tgz. Extracting by manifest.
606 silly tarball no local data for string_decoder@https://registry.npmjs.org/string_decoder/-/string_decoder-1.3.0.tgz. Extracting by manifest.
607 silly tarball no local data for readable-stream@https://registry.npmjs.org/readable-stream/-/readable-stream-3.6.2.tgz. Extracting by manifest.
608 silly tarball no local data for yallist@https://registry.npmjs.org/yallist/-/yallist-5.0.0.tgz. Extracting by manifest.
609 silly tarball no local data for minizlib@https://registry.npmjs.org/minizlib/-/minizlib-3.1.0.tgz. Extracting by manifest.
610 silly tarball no local data for chownr@https://registry.npmjs.org/chownr/-/chownr-3.0.0.tgz. Extracting by manifest.
611 silly tarball no local data for @isaacs/fs-minipass@https://registry.npmjs.org/@isaacs/fs-minipass/-/fs-minipass-4.0.1.tgz. Extracting by manifest.
612 silly tarball no local data for ansi-regex@https://registry.npmjs.org/ansi-regex/-/ansi-regex-5.0.1.tgz. Extracting by manifest.
613 silly tarball no local data for emoji-regex@https://registry.npmjs.org/emoji-regex/-/emoji-regex-8.0.0.tgz. Extracting by manifest.
614 silly tarball no local data for color-name@https://registry.npmjs.org/color-name/-/color-name-1.1.4.tgz. Extracting by manifest.
615 silly tarball no local data for color-convert@https://registry.npmjs.org/color-convert/-/color-convert-2.0.1.tgz. Extracting by manifest.
616 silly tarball no local data for is-fullwidth-code-point@https://registry.npmjs.org/is-fullwidth-code-point/-/is-fullwidth-code-point-3.0.0.tgz. Extracting by manifest.
617 silly tarball no local data for astral-regex@https://registry.npmjs.org/astral-regex/-/astral-regex-2.0.0.tgz. Extracting by manifest.
618 silly tarball no local data for ansi-styles@https://registry.npmjs.org/ansi-styles/-/ansi-styles-4.3.0.tgz. Extracting by manifest.
619 silly tarball no local data for shebang-regex@https://registry.npmjs.org/shebang-regex/-/shebang-regex-3.0.0.tgz. Extracting by manifest.
620 silly tarball no local data for lru-cache@https://registry.npmjs.org/lru-cache/-/lru-cache-11.5.0.tgz. Extracting by manifest.
621 silly tarball no local data for balanced-match@https://registry.npmjs.org/balanced-match/-/balanced-match-4.0.4.tgz. Extracting by manifest.
622 silly tarball no local data for brace-expansion@https://registry.npmjs.org/brace-expansion/-/brace-expansion-5.0.6.tgz. Extracting by manifest.
623 silly tarball no local data for minipass@https://registry.npmjs.org/minipass/-/minipass-7.1.3.tgz. Extracting by manifest.
624 silly tarball no local data for path-scurry@https://registry.npmjs.org/path-scurry/-/path-scurry-2.0.2.tgz. Extracting by manifest.
625 silly tarball no local data for package-json-from-dist@https://registry.npmjs.org/package-json-from-dist/-/package-json-from-dist-1.0.1.tgz. Extracting by manifest.
626 silly tarball no local data for glob@https://registry.npmjs.org/glob/-/glob-13.0.6.tgz. Extracting by manifest.
627 silly tarball no local data for sisteransi@https://registry.npmjs.org/sisteransi/-/sisteransi-1.0.5.tgz. Extracting by manifest.
628 silly tarball no local data for xmlbuilder@https://registry.npmjs.org/xmlbuilder/-/xmlbuilder-15.1.1.tgz. Extracting by manifest.
629 silly tarball no local data for base64-js@https://registry.npmjs.org/base64-js/-/base64-js-1.5.1.tgz. Extracting by manifest.
630 silly tarball no local data for @xmldom/xmldom@https://registry.npmjs.org/@xmldom/xmldom/-/xmldom-0.9.10.tgz. Extracting by manifest.
631 silly tarball no local data for is-wsl@https://registry.npmjs.org/is-wsl/-/is-wsl-2.2.0.tgz. Extracting by manifest.
632 silly tarball no local data for is-docker@https://registry.npmjs.org/is-docker/-/is-docker-2.2.1.tgz. Extracting by manifest.
633 silly tarball no local data for define-lazy-prop@https://registry.npmjs.org/define-lazy-prop/-/define-lazy-prop-2.0.0.tgz. Extracting by manifest.
634 silly tarball no local data for big-integer@https://registry.npmjs.org/big-integer/-/big-integer-1.6.52.tgz. Extracting by manifest.
635 silly tarball no local data for sax@https://registry.npmjs.org/sax/-/sax-1.1.4.tgz. Extracting by manifest.
636 silly tarball no local data for through2@https://registry.npmjs.org/through2/-/through2-4.0.2.tgz. Extracting by manifest.
637 silly tarball no local data for yauzl@https://registry.npmjs.org/yauzl/-/yauzl-2.10.0.tgz. Extracting by manifest.
638 silly tarball no local data for split2@https://registry.npmjs.org/split2/-/split2-4.2.0.tgz. Extracting by manifest.
639 silly tarball no local data for ini@https://registry.npmjs.org/ini/-/ini-4.1.3.tgz. Extracting by manifest.
640 silly tarball no local data for elementtree@https://registry.npmjs.org/elementtree/-/elementtree-0.1.7.tgz. Extracting by manifest.
641 silly tarball no local data for bplist-parser@https://registry.npmjs.org/bplist-parser/-/bplist-parser-0.3.2.tgz. Extracting by manifest.
642 silly tarball no local data for universalify@https://registry.npmjs.org/universalify/-/universalify-2.0.1.tgz. Extracting by manifest.
643 silly tarball no local data for jsonfile@https://registry.npmjs.org/jsonfile/-/jsonfile-6.2.1.tgz. Extracting by manifest.
644 silly tarball no local data for graceful-fs@https://registry.npmjs.org/graceful-fs/-/graceful-fs-4.2.11.tgz. Extracting by manifest.
645 silly tarball no local data for ms@https://registry.npmjs.org/ms/-/ms-2.1.3.tgz. Extracting by manifest.
646 silly tarball no local data for which@https://registry.npmjs.org/which/-/which-2.0.2.tgz. Extracting by manifest.
647 silly tarball no local data for shebang-command@https://registry.npmjs.org/shebang-command/-/shebang-command-2.0.0.tgz. Extracting by manifest.
648 silly tarball no local data for path-key@https://registry.npmjs.org/path-key/-/path-key-3.1.1.tgz. Extracting by manifest.
649 silly tarball no local data for undici-types@https://registry.npmjs.org/undici-types/-/undici-types-7.24.6.tgz. Extracting by manifest.
650 silly tarball no local data for wrap-ansi@https://registry.npmjs.org/wrap-ansi/-/wrap-ansi-7.0.0.tgz. Extracting by manifest.
651 silly tarball no local data for @types/node@https://registry.npmjs.org/@types/node/-/node-25.9.1.tgz. Extracting by manifest.
652 silly tarball no local data for strip-ansi@https://registry.npmjs.org/strip-ansi/-/strip-ansi-6.0.1.tgz. Extracting by manifest.
653 silly tarball no local data for untildify@https://registry.npmjs.org/untildify/-/untildify-4.0.0.tgz. Extracting by manifest.
654 silly tarball no local data for slice-ansi@https://registry.npmjs.org/slice-ansi/-/slice-ansi-4.0.0.tgz. Extracting by manifest.
655 silly tarball no local data for string-width@https://registry.npmjs.org/string-width/-/string-width-4.2.3.tgz. Extracting by manifest.
656 silly tarball no local data for tree-kill@https://registry.npmjs.org/tree-kill/-/tree-kill-1.2.2.tgz. Extracting by manifest.
657 silly tarball no local data for @types/slice-ansi@https://registry.npmjs.org/@types/slice-ansi/-/slice-ansi-4.0.0.tgz. Extracting by manifest.
658 silly tarball no local data for signal-exit@https://registry.npmjs.org/signal-exit/-/signal-exit-3.0.7.tgz. Extracting by manifest.
659 silly tarball no local data for @ionic/utils-object@https://registry.npmjs.org/@ionic/utils-object/-/utils-object-2.1.6.tgz. Extracting by manifest.
660 silly tarball no local data for @types/fs-extra@https://registry.npmjs.org/@types/fs-extra/-/fs-extra-8.1.5.tgz. Extracting by manifest.
661 silly tarball no local data for cross-spawn@https://registry.npmjs.org/cross-spawn/-/cross-spawn-7.0.6.tgz. Extracting by manifest.
662 silly tarball no local data for @ionic/utils-stream@https://registry.npmjs.org/@ionic/utils-stream/-/utils-stream-3.1.7.tgz. Extracting by manifest.
663 silly tarball no local data for @ionic/utils-process@https://registry.npmjs.org/@ionic/utils-process/-/utils-process-2.1.12.tgz. Extracting by manifest.
664 silly tarball no local data for @ionic/utils-fs@https://registry.npmjs.org/@ionic/utils-fs/-/utils-fs-3.1.7.tgz. Extracting by manifest.
665 silly tarball no local data for fs-extra@https://registry.npmjs.org/fs-extra/-/fs-extra-9.1.0.tgz. Extracting by manifest.
666 silly tarball no local data for @ionic/utils-array@https://registry.npmjs.org/@ionic/utils-array/-/utils-array-2.1.6.tgz. Extracting by manifest.
667 silly tarball no local data for xml2js@https://registry.npmjs.org/xml2js/-/xml2js-0.6.2.tgz. Extracting by manifest.
668 silly tarball no local data for xmlbuilder@https://registry.npmjs.org/xmlbuilder/-/xmlbuilder-11.0.1.tgz. Extracting by manifest.
669 silly tarball no local data for tslib@https://registry.npmjs.org/tslib/-/tslib-2.8.1.tgz. Extracting by manifest.
670 silly tarball no local data for tar@https://registry.npmjs.org/tar/-/tar-7.5.15.tgz. Extracting by manifest.
671 silly tarball no local data for semver@https://registry.npmjs.org/semver/-/semver-7.8.1.tgz. Extracting by manifest.
672 silly tarball no local data for rimraf@https://registry.npmjs.org/rimraf/-/rimraf-6.1.3.tgz. Extracting by manifest.
673 silly tarball no local data for prompts@https://registry.npmjs.org/prompts/-/prompts-2.4.2.tgz. Extracting by manifest.
674 silly tarball no local data for minimatch@https://registry.npmjs.org/minimatch/-/minimatch-10.2.5.tgz. Extracting by manifest.
675 silly tarball no local data for inherits@https://registry.npmjs.org/inherits/-/inherits-2.0.4.tgz. Extracting by manifest.
676 silly tarball no local data for open@https://registry.npmjs.org/open/-/open-8.4.2.tgz. Extracting by manifest.
677 silly tarball no local data for kleur@https://registry.npmjs.org/kleur/-/kleur-4.1.5.tgz. Extracting by manifest.
678 silly tarball no local data for fs-extra@https://registry.npmjs.org/fs-extra/-/fs-extra-11.3.5.tgz. Extracting by manifest.
679 silly tarball no local data for env-paths@https://registry.npmjs.org/env-paths/-/env-paths-2.2.1.tgz. Extracting by manifest.
680 silly tarball no local data for debug@https://registry.npmjs.org/debug/-/debug-4.4.3.tgz. Extracting by manifest.
681 silly tarball no local data for commander@https://registry.npmjs.org/commander/-/commander-12.1.0.tgz. Extracting by manifest.
682 silly tarball no local data for native-run@https://registry.npmjs.org/native-run/-/native-run-2.0.3.tgz. Extracting by manifest.
683 silly tarball no local data for @ionic/utils-terminal@https://registry.npmjs.org/@ionic/utils-terminal/-/utils-terminal-2.3.5.tgz. Extracting by manifest.
684 silly tarball no local data for @ionic/utils-subprocess@https://registry.npmjs.org/@ionic/utils-subprocess/-/utils-subprocess-3.0.1.tgz. Extracting by manifest.
685 silly tarball no local data for @ionic/cli-framework-output@https://registry.npmjs.org/@ionic/cli-framework-output/-/cli-framework-output-2.2.8.tgz. Extracting by manifest.
686 silly tarball no local data for plist@https://registry.npmjs.org/plist/-/plist-3.1.1.tgz. Extracting by manifest.
687 silly tarball no local data for kleur@https://registry.npmjs.org/kleur/-/kleur-3.0.3.tgz. Extracting by manifest.
688 http fetch GET 200 https://registry.npmjs.org/color-name/-/color-name-1.1.4.tgz 4738ms (cache miss)
689 http fetch GET 200 https://registry.npmjs.org/at-least-node/-/at-least-node-1.0.0.tgz 5245ms (cache miss)
690 http fetch GET 200 https://registry.npmjs.org/safe-buffer/-/safe-buffer-5.2.1.tgz 5503ms (cache miss)
691 http fetch GET 200 https://registry.npmjs.org/emoji-regex/-/emoji-regex-8.0.0.tgz 5465ms (cache miss)
692 http fetch GET 200 https://registry.npmjs.org/color-convert/-/color-convert-2.0.1.tgz 5470ms (cache miss)
693 http fetch GET 200 https://registry.npmjs.org/astral-regex/-/astral-regex-2.0.0.tgz 5466ms (cache miss)
694 http fetch GET 200 https://registry.npmjs.org/pend/-/pend-1.2.0.tgz 5770ms (cache miss)
695 http fetch GET 200 https://registry.npmjs.org/buffer-crc32/-/buffer-crc32-0.2.13.tgz 5764ms (cache miss)
696 http fetch GET 200 https://registry.npmjs.org/isexe/-/isexe-2.0.0.tgz 5767ms (cache miss)
697 http fetch GET 200 https://registry.npmjs.org/base64-js/-/base64-js-1.5.1.tgz 5612ms (cache miss)
698 http fetch GET 200 https://registry.npmjs.org/fd-slicer/-/fd-slicer-1.1.0.tgz 5920ms (cache miss)
699 http fetch GET 200 https://registry.npmjs.org/is-fullwidth-code-point/-/is-fullwidth-code-point-3.0.0.tgz 5824ms (cache miss)
700 http fetch GET 200 https://registry.npmjs.org/shebang-regex/-/shebang-regex-3.0.0.tgz 5915ms (cache miss)
701 http fetch GET 200 https://registry.npmjs.org/ansi-styles/-/ansi-styles-4.3.0.tgz 5927ms (cache miss)
702 http fetch GET 200 https://registry.npmjs.org/is-docker/-/is-docker-2.2.1.tgz 5865ms (cache miss)
703 http fetch GET 200 https://registry.npmjs.org/is-wsl/-/is-wsl-2.2.0.tgz 5949ms (cache miss)
704 http fetch GET 200 https://registry.npmjs.org/sisteransi/-/sisteransi-1.0.5.tgz 6037ms (cache miss)
705 http fetch GET 200 https://registry.npmjs.org/ansi-regex/-/ansi-regex-5.0.1.tgz 6147ms (cache miss)
706 http fetch GET 200 https://registry.npmjs.org/through2/-/through2-4.0.2.tgz 5997ms (cache miss)
707 http fetch GET 200 https://registry.npmjs.org/ini/-/ini-4.1.3.tgz 6050ms (cache miss)
708 http fetch GET 200 https://registry.npmjs.org/bplist-parser/-/bplist-parser-0.3.2.tgz 6042ms (cache miss)
709 http fetch GET 200 https://registry.npmjs.org/graceful-fs/-/graceful-fs-4.2.11.tgz 6035ms (cache miss)
710 http fetch GET 200 https://registry.npmjs.org/split2/-/split2-4.2.0.tgz 6080ms (cache miss)
711 http fetch GET 200 https://registry.npmjs.org/shebang-command/-/shebang-command-2.0.0.tgz 6036ms (cache miss)
712 http fetch GET 200 https://registry.npmjs.org/signal-exit/-/signal-exit-3.0.7.tgz 5967ms (cache miss)
713 http fetch GET 200 https://registry.npmjs.org/define-lazy-prop/-/define-lazy-prop-2.0.0.tgz 6184ms (cache miss)
714 http fetch GET 200 https://registry.npmjs.org/jsonfile/-/jsonfile-6.2.1.tgz 6133ms (cache miss)
715 http fetch GET 200 https://registry.npmjs.org/strip-ansi/-/strip-ansi-6.0.1.tgz 6088ms (cache miss)
716 http fetch GET 200 https://registry.npmjs.org/sax/-/sax-1.1.4.tgz 6265ms (cache miss)
717 http fetch GET 200 https://registry.npmjs.org/universalify/-/universalify-2.0.1.tgz 6231ms (cache miss)
718 http fetch GET 200 https://registry.npmjs.org/ms/-/ms-2.1.3.tgz 6219ms (cache miss)
719 http fetch GET 200 https://registry.npmjs.org/untildify/-/untildify-4.0.0.tgz 6180ms (cache miss)
720 http fetch GET 200 https://registry.npmjs.org/which/-/which-2.0.2.tgz 6232ms (cache miss)
721 http fetch GET 200 https://registry.npmjs.org/cross-spawn/-/cross-spawn-7.0.6.tgz 6140ms (cache miss)
722 http fetch GET 200 https://registry.npmjs.org/big-integer/-/big-integer-1.6.52.tgz 6361ms (cache miss)
723 http fetch GET 200 https://registry.npmjs.org/wrap-ansi/-/wrap-ansi-7.0.0.tgz 6270ms (cache miss)
724 http fetch GET 200 https://registry.npmjs.org/slice-ansi/-/slice-ansi-4.0.0.tgz 6248ms (cache miss)
725 http fetch GET 200 https://registry.npmjs.org/@types/slice-ansi/-/slice-ansi-4.0.0.tgz 6237ms (cache miss)
726 http fetch GET 200 https://registry.npmjs.org/util-deprecate/-/util-deprecate-1.0.2.tgz 6627ms (cache miss)
727 http fetch GET 200 https://registry.npmjs.org/tree-kill/-/tree-kill-1.2.2.tgz 6304ms (cache miss)
728 http fetch GET 200 https://registry.npmjs.org/@ionic/utils-stream/-/utils-stream-3.1.7.tgz 6276ms (cache miss)
729 http fetch GET 200 https://registry.npmjs.org/@ionic/utils-process/-/utils-process-2.1.12.tgz 6277ms (cache miss)
730 http fetch GET 200 https://registry.npmjs.org/kleur/-/kleur-4.1.5.tgz 6156ms (cache miss)
731 http fetch GET 200 https://registry.npmjs.org/string_decoder/-/string_decoder-1.3.0.tgz 6689ms (cache miss)
732 http fetch GET 200 https://registry.npmjs.org/string-width/-/string-width-4.2.3.tgz 6378ms (cache miss)
733 http fetch GET 200 https://registry.npmjs.org/path-key/-/path-key-3.1.1.tgz 6432ms (cache miss)
734 http fetch GET 200 https://registry.npmjs.org/@ionic/utils-object/-/utils-object-2.1.6.tgz 6364ms (cache miss)
735 http fetch GET 200 https://registry.npmjs.org/@types/fs-extra/-/fs-extra-8.1.5.tgz 6373ms (cache miss)
736 http fetch GET 200 https://registry.npmjs.org/kleur/-/kleur-3.0.3.tgz 6153ms (cache miss)
737 http fetch GET 200 https://registry.npmjs.org/@ionic/utils-fs/-/utils-fs-3.1.7.tgz 6384ms (cache miss)
738 http fetch GET 200 https://registry.npmjs.org/inherits/-/inherits-2.0.4.tgz 6323ms (cache miss)
739 http fetch GET 200 https://registry.npmjs.org/debug/-/debug-4.4.3.tgz 6255ms (cache miss)
740 http fetch GET 200 https://registry.npmjs.org/@ionic/utils-array/-/utils-array-2.1.6.tgz 6411ms (cache miss)
741 http fetch GET 200 https://registry.npmjs.org/env-paths/-/env-paths-2.2.1.tgz 6294ms (cache miss)
742 http fetch GET 200 https://registry.npmjs.org/@ionic/utils-terminal/-/utils-terminal-2.3.5.tgz 6267ms (cache miss)
743 http fetch GET 200 https://registry.npmjs.org/@ionic/utils-subprocess/-/utils-subprocess-3.0.1.tgz 6294ms (cache miss)
744 http fetch GET 200 https://registry.npmjs.org/@ionic/cli-framework-output/-/cli-framework-output-2.2.8.tgz 6309ms (cache miss)
745 http fetch GET 200 https://registry.npmjs.org/open/-/open-8.4.2.tgz 6429ms (cache miss)
746 http fetch GET 200 https://registry.npmjs.org/yauzl/-/yauzl-2.10.0.tgz 6801ms (cache miss)
747 http fetch GET 200 https://registry.npmjs.org/balanced-match/-/balanced-match-4.0.4.tgz 7333ms (cache miss)
748 http fetch GET 200 https://registry.npmjs.org/package-json-from-dist/-/package-json-from-dist-1.0.1.tgz 7342ms (cache miss)
749 http fetch GET 200 https://registry.npmjs.org/commander/-/commander-12.1.0.tgz 6959ms (cache miss)
750 http fetch GET 200 https://registry.npmjs.org/brace-expansion/-/brace-expansion-5.0.6.tgz 7388ms (cache miss)
751 http fetch GET 200 https://registry.npmjs.org/chownr/-/chownr-3.0.0.tgz 7474ms (cache miss)
752 http fetch GET 200 https://registry.npmjs.org/tslib/-/tslib-2.8.1.tgz 7181ms (cache miss)
753 http fetch GET 200 https://registry.npmjs.org/undici-types/-/undici-types-7.24.6.tgz 7432ms (cache miss)
754 http fetch GET 200 https://registry.npmjs.org/yallist/-/yallist-5.0.0.tgz 7709ms (cache miss)
755 http fetch GET 200 https://registry.npmjs.org/elementtree/-/elementtree-0.1.7.tgz 7532ms (cache miss)
756 http fetch GET 200 https://registry.npmjs.org/@xmldom/xmldom/-/xmldom-0.9.10.tgz 7602ms (cache miss)
757 http fetch GET 200 https://registry.npmjs.org/@isaacs/fs-minipass/-/fs-minipass-4.0.1.tgz 7753ms (cache miss)
758 http fetch GET 200 https://registry.npmjs.org/minipass/-/minipass-7.1.3.tgz 8138ms (cache miss)
759 http fetch GET 200 https://registry.npmjs.org/path-scurry/-/path-scurry-2.0.2.tgz 8525ms (cache miss)
760 http fetch GET 200 https://registry.npmjs.org/plist/-/plist-3.1.1.tgz 8405ms (cache miss)
761 http fetch GET 200 https://registry.npmjs.org/minizlib/-/minizlib-3.1.0.tgz 9015ms (cache miss)
762 http fetch GET 200 https://registry.npmjs.org/readable-stream/-/readable-stream-3.6.2.tgz 9227ms (cache miss)
763 http fetch GET 200 https://registry.npmjs.org/xmlbuilder/-/xmlbuilder-11.0.1.tgz 8921ms (cache miss)
764 http fetch GET 200 https://registry.npmjs.org/fs-extra/-/fs-extra-11.3.5.tgz 8893ms (cache miss)
765 http fetch GET 200 https://registry.npmjs.org/xmlbuilder/-/xmlbuilder-15.1.1.tgz 9431ms (cache miss)
766 http fetch GET 200 https://registry.npmjs.org/semver/-/semver-7.8.1.tgz 9230ms (cache miss)
767 http fetch GET 200 https://registry.npmjs.org/fs-extra/-/fs-extra-9.1.0.tgz 9286ms (cache miss)
768 http fetch GET 200 https://registry.npmjs.org/xml2js/-/xml2js-0.6.2.tgz 9890ms (cache miss)
769 http fetch GET 200 https://registry.npmjs.org/minimatch/-/minimatch-10.2.5.tgz 9939ms (cache miss)
770 http fetch GET 200 https://registry.npmjs.org/prompts/-/prompts-2.4.2.tgz 9948ms (cache miss)
771 http fetch GET 200 https://registry.npmjs.org/@types/node/-/node-25.9.1.tgz 10156ms (cache miss)
772 http fetch GET 200 https://registry.npmjs.org/@capacitor/cli/-/cli-8.3.4.tgz 10612ms (cache miss)
773 http fetch GET 200 https://registry.npmjs.org/glob/-/glob-13.0.6.tgz 10620ms (cache miss)
774 http fetch GET 200 https://registry.npmjs.org/rimraf/-/rimraf-6.1.3.tgz 10997ms (cache miss)
775 http fetch GET 200 https://registry.npmjs.org/lru-cache/-/lru-cache-11.5.0.tgz 11422ms (cache miss)
776 http fetch GET 200 https://registry.npmjs.org/native-run/-/native-run-2.0.3.tgz 11025ms (cache miss)
777 http fetch GET 200 https://registry.npmjs.org/tar/-/tar-7.5.15.tgz 11657ms (cache miss)
778 silly ADD node_modules/@capacitor/cli
779 silly ADD node_modules/@capacitor/cli/node_modules/at-least-node
780 silly ADD node_modules/@capacitor/cli/node_modules/pend
781 silly ADD node_modules/@capacitor/cli/node_modules/fd-slicer
782 silly ADD node_modules/@capacitor/cli/node_modules/buffer-crc32
783 silly ADD node_modules/@capacitor/cli/node_modules/isexe
784 silly ADD node_modules/@capacitor/cli/node_modules/safe-buffer
785 silly ADD node_modules/@capacitor/cli/node_modules/util-deprecate
786 silly ADD node_modules/@capacitor/cli/node_modules/string_decoder
787 silly ADD node_modules/@capacitor/cli/node_modules/inherits
788 silly ADD node_modules/@capacitor/cli/node_modules/readable-stream
789 silly ADD node_modules/@capacitor/cli/node_modules/yallist
790 silly ADD node_modules/@capacitor/cli/node_modules/minizlib
791 silly ADD node_modules/@capacitor/cli/node_modules/chownr
792 silly ADD node_modules/@capacitor/cli/node_modules/@isaacs/fs-minipass
793 silly ADD node_modules/@capacitor/cli/node_modules/ansi-regex
794 silly ADD node_modules/@capacitor/cli/node_modules/emoji-regex
795 silly ADD node_modules/@capacitor/cli/node_modules/color-name
796 silly ADD node_modules/@capacitor/cli/node_modules/color-convert
797 silly ADD node_modules/@capacitor/cli/node_modules/is-fullwidth-code-point
798 silly ADD node_modules/@capacitor/cli/node_modules/astral-regex
799 silly ADD node_modules/@capacitor/cli/node_modules/ansi-styles
800 silly ADD node_modules/@capacitor/cli/node_modules/shebang-regex
801 silly ADD node_modules/@capacitor/cli/node_modules/lru-cache
802 silly ADD node_modules/@capacitor/cli/node_modules/balanced-match
803 silly ADD node_modules/@capacitor/cli/node_modules/brace-expansion
804 silly ADD node_modules/@capacitor/cli/node_modules/path-scurry
805 silly ADD node_modules/@capacitor/cli/node_modules/minipass
806 silly ADD node_modules/@capacitor/cli/node_modules/minimatch
807 silly ADD node_modules/@capacitor/cli/node_modules/package-json-from-dist
808 silly ADD node_modules/@capacitor/cli/node_modules/glob
809 silly ADD node_modules/@capacitor/cli/node_modules/sisteransi
810 silly ADD node_modules/@capacitor/cli/node_modules/xmlbuilder
811 silly ADD node_modules/@capacitor/cli/node_modules/base64-js
812 silly ADD node_modules/@capacitor/cli/node_modules/@xmldom/xmldom
813 silly ADD node_modules/@capacitor/cli/node_modules/is-wsl
814 silly ADD node_modules/@capacitor/cli/node_modules/is-docker
815 silly ADD node_modules/@capacitor/cli/node_modules/define-lazy-prop
816 silly ADD node_modules/@capacitor/cli/node_modules/sax
817 silly ADD node_modules/@capacitor/cli/node_modules/big-integer
818 silly ADD node_modules/@capacitor/cli/node_modules/yauzl
819 silly ADD node_modules/@capacitor/cli/node_modules/through2
820 silly ADD node_modules/@capacitor/cli/node_modules/split2
821 silly ADD node_modules/@capacitor/cli/node_modules/ini
822 silly ADD node_modules/@capacitor/cli/node_modules/elementtree
823 silly ADD node_modules/@capacitor/cli/node_modules/bplist-parser
824 silly ADD node_modules/@capacitor/cli/node_modules/universalify
825 silly ADD node_modules/@capacitor/cli/node_modules/jsonfile
826 silly ADD node_modules/@capacitor/cli/node_modules/graceful-fs
827 silly ADD node_modules/@capacitor/cli/node_modules/ms
828 silly ADD node_modules/@capacitor/cli/node_modules/which
829 silly ADD node_modules/@capacitor/cli/node_modules/shebang-command
830 silly ADD node_modules/@capacitor/cli/node_modules/path-key
831 silly ADD node_modules/@capacitor/cli/node_modules/undici-types
832 silly ADD node_modules/@capacitor/cli/node_modules/@types/node
833 silly ADD node_modules/@capacitor/cli/node_modules/wrap-ansi
834 silly ADD node_modules/@capacitor/cli/node_modules/untildify
835 silly ADD node_modules/@capacitor/cli/node_modules/strip-ansi
836 silly ADD node_modules/@capacitor/cli/node_modules/string-width
837 silly ADD node_modules/@capacitor/cli/node_modules/slice-ansi
838 silly ADD node_modules/@capacitor/cli/node_modules/@types/slice-ansi
839 silly ADD node_modules/@capacitor/cli/node_modules/tree-kill
840 silly ADD node_modules/@capacitor/cli/node_modules/signal-exit
841 silly ADD node_modules/@capacitor/cli/node_modules/@ionic/utils-object
842 silly ADD node_modules/@capacitor/cli/node_modules/@types/fs-extra
843 silly ADD node_modules/@capacitor/cli/node_modules/cross-spawn
844 silly ADD node_modules/@capacitor/cli/node_modules/@ionic/utils-stream
845 silly ADD node_modules/@capacitor/cli/node_modules/@ionic/utils-process
846 silly ADD node_modules/@capacitor/cli/node_modules/@ionic/utils-fs
847 silly ADD node_modules/@capacitor/cli/node_modules/@ionic/utils-fs/node_modules/fs-extra
848 silly ADD node_modules/@capacitor/cli/node_modules/@ionic/utils-array
849 silly ADD node_modules/@capacitor/cli/node_modules/xml2js
850 silly ADD node_modules/@capacitor/cli/node_modules/xml2js/node_modules/xmlbuilder
851 silly ADD node_modules/@capacitor/cli/node_modules/tslib
852 silly ADD node_modules/@capacitor/cli/node_modules/tar
853 silly ADD node_modules/@capacitor/cli/node_modules/semver
854 silly ADD node_modules/@capacitor/cli/node_modules/rimraf
855 silly ADD node_modules/@capacitor/cli/node_modules/prompts
856 silly ADD node_modules/@capacitor/cli/node_modules/prompts/node_modules/kleur
857 silly ADD node_modules/@capacitor/cli/node_modules/plist
858 silly ADD node_modules/@capacitor/cli/node_modules/open
859 silly ADD node_modules/@capacitor/cli/node_modules/native-run
860 silly ADD node_modules/@capacitor/cli/node_modules/kleur
861 silly ADD node_modules/@capacitor/cli/node_modules/fs-extra
862 silly ADD node_modules/@capacitor/cli/node_modules/env-paths
863 silly ADD node_modules/@capacitor/cli/node_modules/debug
864 silly ADD node_modules/@capacitor/cli/node_modules/commander
865 silly ADD node_modules/@capacitor/cli/node_modules/@ionic/utils-terminal
866 silly ADD node_modules/@capacitor/cli/node_modules/@ionic/utils-subprocess
867 silly ADD node_modules/@capacitor/cli/node_modules/@ionic/cli-framework-output
868 verbose cwd /data/data/com.termux/files/home
869 verbose os Linux 4.19.191+
870 verbose node v26.2.0
871 verbose npm  v11.15.0
872 verbose exit 0
873 info ok
