0 verbose cli /data/data/com.termux/files/usr/bin/node /data/data/com.termux/files/usr/bin/npm
1 info using npm@11.15.0
2 info using node@v26.2.0
3 silly config load:file:/data/data/com.termux/files/usr/lib/node_modules/npm/npmrc
4 silly config load:file:/data/data/com.termux/files/home/.npmrc
5 silly config load:file:/data/data/com.termux/files/usr/etc/npmrc
6 verbose title npm install @capacitor/core @capacitor/android
7 verbose argv "install" "@capacitor/core" "@capacitor/android"
8 verbose logfile logs-max:10 dir:/data/data/com.termux/files/home/.npm/_logs/2026-05-24T17_13_54_371Z-
9 verbose logfile /data/data/com.termux/files/home/.npm/_logs/2026-05-24T17_13_54_371Z-debug-0.log
10 silly logfile done cleaning log files
11 silly packumentCache heap:1174405120 maxSize:293601280 maxEntrySize:146800640
12 silly idealTree buildDeps
13 silly fetch manifest @capacitor/core@*
14 silly packumentCache full:https://registry.npmjs.org/@capacitor%2fcore cache-miss
15 http fetch GET 200 https://registry.npmjs.org/@capacitor%2fcore 2134ms (cache miss)
16 silly packumentCache full:https://registry.npmjs.org/@capacitor%2fcore set size:undefined disposed:false
17 silly fetch manifest @capacitor/android@*
18 silly packumentCache full:https://registry.npmjs.org/@capacitor%2fandroid cache-miss
19 http fetch GET 200 https://registry.npmjs.org/@capacitor%2fandroid 1023ms (cache miss)
20 silly packumentCache full:https://registry.npmjs.org/@capacitor%2fandroid set size:undefined disposed:false
21 silly placeDep ROOT @capacitor/android@8.3.4 OK for:  want: *
22 silly placeDep ROOT @capacitor/core@8.3.4 OK for: @capacitor/android@8.3.4 want: ^8.3.0
23 silly placeDep ROOT @capacitor/core@8.3.4 REPLACE for:  want: *
24 silly fetch manifest tslib@^2.1.0
25 silly packumentCache full:https://registry.npmjs.org/tslib cache-miss
26 silly fetch manifest tslib@^2.1.0
27 silly packumentCache full:https://registry.npmjs.org/tslib cache-miss
28 http cache https://registry.npmjs.org/tslib 90ms (cache hit)
29 silly packumentCache full:https://registry.npmjs.org/tslib set size:108760 disposed:false
30 http cache https://registry.npmjs.org/tslib 117ms (cache hit)
31 silly packumentCache full:https://registry.npmjs.org/tslib set size:108760 disposed:false
32 silly packumentCache full:https://registry.npmjs.org/tslib dispose
33 silly placeDep ROOT tslib@2.8.1 OK for: @capacitor/core@8.3.4 want: ^2.1.0
34 silly reify moves {}
35 http cache tslib@https://registry.npmjs.org/tslib/-/tslib-2.8.1.tgz 0ms (cache hit)
36 http cache @capacitor/core@https://registry.npmjs.org/@capacitor/core/-/core-8.3.4.tgz 0ms (cache hit)
37 http cache @capacitor/android@https://registry.npmjs.org/@capacitor/android/-/android-8.3.4.tgz 0ms (cache hit)
38 silly tarball no local data for @capacitor/core@https://registry.npmjs.org/@capacitor/core/-/core-8.3.4.tgz. Extracting by manifest.
39 silly tarball no local data for @capacitor/android@https://registry.npmjs.org/@capacitor/android/-/android-8.3.4.tgz. Extracting by manifest.
40 http fetch GET 200 https://registry.npmjs.org/@capacitor/core/-/core-8.3.4.tgz 686ms (cache miss)
41 http fetch GET 200 https://registry.npmjs.org/@capacitor/android/-/android-8.3.4.tgz 1834ms (cache miss)
42 silly ADD node_modules/tslib
43 silly ADD node_modules/@capacitor/core
44 silly ADD node_modules/@capacitor/android
45 verbose cwd /data/data/com.termux/files/home
46 verbose os Linux 4.19.191+
47 verbose node v26.2.0
48 verbose npm  v11.15.0
49 verbose exit 0
50 info ok
